Task 2 completed successfully!
Working directory: /mnt/polished-lake/home/sbaskaran/code/hydra
Git branch: main
Git commit: 9e77798f
